### ARCHLINUX PACKAGES ###
# NETWORK
autossh
sshpass
sshuttle
wol
curl
wget
traceroute
inetutils
bind-tools
dhclient
nmap

# SHELL
bash
sudo
which
ripgrep
fzf
expect
pv
exa
bc
jq
yq
lsd
colordiff
bat
dialog
tmux
zellij
entr
ripgrep
fd
nushell

## ZSH
zsh
zsh-completions
zsh-autosuggestions
zsh-syntax-highlighting
starship

# FILES
unrar
unzip
tar
p7zip
zip

# EDITOR
nano
wl-clipboard

## NEOVIM
neovim
prettier

# SECURITY
gnupg
paperkey
zbar
pass
pass-otp
cryfs

# BACKUPS
borg
python-llfuse
rsync
rclone

# UTILS
htop
btop
man
just

# ARCHLINUX
arch-install-scripts

# FONTS
ttf-fira-code
ttf-dejavu
ttf-liberation
ttf-font-awesome

##################### DEVELOPMENT #####################
# C/C++
base-devel
clang
cmake
extra-cmake-modules

# PYTHON
pyright
python
python-pip
python-virtualenv
python-pipenv
python-poetry
python-pynvim
python-pylint
python-black
python-isort
pyenv
mypy

# GO
go
go-tools
gopls

# NODE
nodejs
typescript
npm
yarn

# RUST
rustup
rust-analyzer

# LUA
luarocks
stylua
lua-language-server

# JAVA
jdk-openjdk
jdk11-openjdk
jdk8-openjdk
maven

# # RUBY
# ruby
# rubygems

##################### DEV/OPS #####################
# GIT
git
git-delta
git-lfs

# ANSIBLE
ansible
ansible-lint

# TERRAFORM
terraform
terragrunt

## CONTAINERS
skopeo

# NOMAD
# nomad

# KUBERNETES
# helmfile
# kubeseal
# aur/kubecolor
kubectl
kustomize
eksctl
stern
helm
kompose
k9s
trivy
kubeseal

# API
httpie
curlie

# AWS
aws-cli-v2
