### ARCHLINUX PACKAGES ###
# FONTS
ttf-fira-code
ttf-dejavu
ttf-liberation
ttf-font-awesome
noto-fonts-emoji
ttf-jetbrains-mono
ttf-jetbrains-mono-nerd

# CLI
# NETWORK
autossh
sshpass
sshuttle
wol
curl
wget
traceroute
inetutils
bind-tools
dhclient
nmap
mitmproxy
speedtest-cli
# https://aur.archlinux.org/ngrok.git

# SHELL
bash
zsh
zsh-completions
zsh-autosuggestions
zsh-syntax-highlighting
nushell
fish
sudo
which
ripgrep
fzf
television
expect
pv
exa
bc
jq
yq
lsd
colordiff
bat
dialog
tmux
zellij
entr
ripgrep
fd
starship
just

# FILES
unrar
unzip
tar
p7zip
zip

# EDITOR
nano
wl-clipboard

## NEOVIM
neovim
neovide
prettier
mdformat
mdformat-tables

# SECURITY
gnupg
paperkey
zbar
pass
pass-otp
cryfs

# BACKUPS
borg
python-llfuse
rsync
rclone

# UTILS
htop
btop
man
just

# ANDROID
android-tools

# ARCHLINUX
arch-install-scripts

##################### DEVELOPMENT #####################
# TOOLS
# devbox

# C/C++
base-devel
clang
cmake
extra-cmake-modules

# PYTHON
pyright
python
python-pip
python-virtualenv
python-pipenv
python-poetry
python-pynvim
python-pylint
python-black
python-isort
python-ruff
uv
pyenv
mypy

# GO
go go-tools gopls delve

# NODE
nodejs
typescript
npm
yarn
pnpm
bun

# RUST
rustup
rust-analyzer

# LUA
luarocks
stylua
lua-language-server

# JAVA
jdk-openjdk
jdk17-openjdk
jdk11-openjdk
jdk8-openjdk
maven

# FLUTTER (Linux)
ninja
gtk3
mesa mesa-utils libglvnd

# # RUBY
# ruby
# rubygems

##################### DEV/OPS #####################
# GIT
git
git-delta
git-lfs
lazygit

# ANSIBLE
ansible
ansible-lint

# TERRAFORM
terraform
terragrunt

## CONTAINERS
skopeo

# NOMAD
# nomad

# KUBERNETES
# helmfile
# kubeseal
# aur/kubecolor
kubectl
kustomize
eksctl
stern
helm
kompose
k9s
trivy
kubeseal

# CI/CD
dagger

# API
httpie
curlie

# AWS
#https://aur.archlinux.org/aws-cli-v2-bin.git
#https://aur.archlinux.org/aws-session-manager-plugin.git
